{
  "nodes": 15,
  "edges": 14,
  "layer_count": 7,
  "cycle_nodes": [],
  "orders_capped": [
    [
      "CS155",
      "CS200",
      "CS230",
      "CS250",
      "CS350",
      "MA140",
      "MA141",
      "CS150",
      "CS225",
      "CS300",
      "CS340",
      "CS301",
      "CS345",
      "CS360",
      "CS390"
    ],
    [
      "CS155",
      "CS200",
      "CS230",
      "CS250",
      "CS350",
      "MA140",
      "MA141",
      "CS150",
      "CS225",
      "CS300",
      "CS340",
      "CS301",
      "CS360",
      "CS345",
      "CS390"
    ],
    [
      "CS155",
      "CS200",
      "CS230",
      "CS250",
      "CS350",
      "MA140",
      "MA141",
      "CS150",
      "CS225",
      "CS300",
      "CS340",
      "CS301",
      "CS360",
      "CS390",
      "CS345"
    ]
  ],
  "count": 1566180,
  "count_note": "任务书图1：合法序恰 1,566,180 条（精确计数 4.2s，见 test_models 断言）"
}
